Welcome to Scrabble!
-------------------
Menu
----
1. New Game
2. Load Game
3. Credits (Show student information)
4. Quit
> Enter the filename from which load a game
> Scrabble Game loaded successfully!
AAA, it's your turn
Score for AAA: 100
Score for BBB: 1
     0   1   2   3   4   5   6   7   8   9   10  11  12  13  14  
   -------------------------------------------------------------
A  |   |   |   |   |   |   |   |   |   |   |   |   |   |   |   |
B  |   |   |   |   |   |   |   |   |   |   |   |   |   |   |   |
C  |   |   |   |   |   |   |   |   |   |   |   |   |   |   |   |
D  |   |   |   |   |   |   |   |   |   |   |   |   |   |   |   |
E  |   |   |   |   |   |   |   |   |   |   |   |   |   |   |   |
F  |   |   |   |   |   |   |   |   |   |   |   |   |   |   |   |
G  |   |   |   |   |   |   |   |   |   |   |   |   |   |   |   |
H  |   |   |   |   |   |   |   | Z |   |   |   |   |   |   |   |
I  |   |   |   |   |   |   |   | H | Q | A |   |   |   |   |   |
J  |   |   |   |   |   |   |   |   | O |   |   |   |   |   |   |
K  |   |   |   |   |   |   |   |   |   |   |   |   |   |   |   |
L  |   |   |   |   |   |   |   |   |   |   |   |   |   |   |   |
M  |   |   |   |   |   |   |   |   |   |   |   |   |   |   |   |
N  |   |   |   |   |   |   |   |   |   |   |   |   |   |   |   |
O  |   |   |   |   |   |   |   |   |   |   |   |   |   |   |   |
Your hand is
A-1
> > BBB, it's your turn
Score for AAA: 106
Score for BBB: 1
     0   1   2   3   4   5   6   7   8   9   10  11  12  13  14  
   -------------------------------------------------------------
A  |   |   |   |   |   |   |   |   |   |   |   |   |   |   |   |
B  |   |   |   |   |   |   |   |   |   |   |   |   |   |   |   |
C  |   |   |   |   |   |   |   |   |   |   |   |   |   |   |   |
D  |   |   |   |   |   |   |   |   |   |   |   |   |   |   |   |
E  |   |   |   |   |   |   |   |   |   |   |   |   |   |   |   |
F  |   |   |   |   |   |   |   |   |   |   |   |   |   |   |   |
G  |   |   |   |   |   |   |   |   |   |   |   |   |   |   |   |
H  |   |   |   |   |   |   |   | Z |   |   |   |   |   |   |   |
I  |   |   |   |   |   |   |   | H | Q | A |   |   |   |   |   |
J  |   |   |   |   |   |   |   |   | O | A |   |   |   |   |   |
K  |   |   |   |   |   |   |   |   |   |   |   |   |   |   |   |
L  |   |   |   |   |   |   |   |   |   |   |   |   |   |   |   |
M  |   |   |   |   |   |   |   |   |   |   |   |   |   |   |   |
N  |   |   |   |   |   |   |   |   |   |   |   |   |   |   |   |
O  |   |   |   |   |   |   |   |   |   |   |   |   |   |   |   |
Your hand is
E-1,R-1,V-4,W-4,W-4,I-1,O-1
> AAA, it's your turn
Score for AAA: 106
Score for BBB: 1
     0   1   2   3   4   5   6   7   8   9   10  11  12  13  14  
   -------------------------------------------------------------
A  |   |   |   |   |   |   |   |   |   |   |   |   |   |   |   |
B  |   |   |   |   |   |   |   |   |   |   |   |   |   |   |   |
C  |   |   |   |   |   |   |   |   |   |   |   |   |   |   |   |
D  |   |   |   |   |   |   |   |   |   |   |   |   |   |   |   |
E  |   |   |   |   |   |   |   |   |   |   |   |   |   |   |   |
F  |   |   |   |   |   |   |   |   |   |   |   |   |   |   |   |
G  |   |   |   |   |   |   |   |   |   |   |   |   |   |   |   |
H  |   |   |   |   |   |   |   | Z |   |   |   |   |   |   |   |
I  |   |   |   |   |   |   |   | H | Q | A |   |   |   |   |   |
J  |   |   |   |   |   |   |   |   | O | A |   |   |   |   |   |
K  |   |   |   |   |   |   |   |   |   |   |   |   |   |   |   |
L  |   |   |   |   |   |   |   |   |   |   |   |   |   |   |   |
M  |   |   |   |   |   |   |   |   |   |   |   |   |   |   |   |
N  |   |   |   |   |   |   |   |   |   |   |   |   |   |   |   |
O  |   |   |   |   |   |   |   |   |   |   |   |   |   |   |   |
Your hand is
Z-10
> > Game over
Score for AAA: 148
Score for BBB: 1
Player AAA won!
Goodbye
